[    0.000000] Initializing cgroup subss ust
[  0.0000] Initializing cgroup ubs pu[   0.000000] Initializing cousubsys cpuacct
  .000000] Linux vsi 4.4.0-116-gener (ildd@lgw01-amd6421(gcc version 5.4 260609 (Ubunu .4.0-6ubuntu1~164. ) #14Ubtu SMP Mon Feb 1213:04TC018 (Ubuntu 4.4.11140-generic 4.4.)[   .0000]omnd line: BOOT_IME=oot/vmlinuz-4.4.0-116-generic root=LABEL=cloudimg-rootfs ro console=tty1 console=ttyS0
[    0.000000] KERNEL supported cpus:
[    0.000000]   Intel GenuineIntel
[    0.000000]   AMD AuthenticAMD
[    0.000000]   Centaur CentaurHauls
[    0.000000] x86/fpu: xstate_offset[2]:  576, xstate_sizes[2]:  256
[    0.000000] x86/fpu: Supporting XSAVE feature 0x01: 'x87 floating point registers'
[    0.000000] x86/fpu: Supporting XSAVE feature 0x02: 'SSE registers'
[    0.000000] x86/fpu: Supporting XSAVE feature 0x04: 'AVX registers'
[    0.000000] x86/fpu: Enabled xstate features 0x7, context size is 832 bytes, using 'standard' format.
[    0.000000] x86/fpu: Using 'lazy' FPU context switches.
[    0.000000] e820: BIOS-provided physical RAM map:
[    0.000000] BIOS-e820: [mem 0x0000000000000000-0x000000000009fbff] usable
[    0.000000] BIOS-e820: [mem 0x000000000009fc00-0x000000000009ffff] reserved
[    0.000000] BIOS-e820: [mem 0x00000000000f0000-0x00000000000fffff] reserved
[    0.000000] BIOS-e820: [mem 0x0000000000100000-0x000000003ffeffff] usable
[    0.000000] BIOS-e820: [mem 0x000000003fff0000-0x000000003fffffff] ACPI data
[    0.000000] BIOS-e820: [mem 0x00000000fffc0000-0x00000000ffffffff] reserved
[    0.000000] NX (Execute Disable) protection: active
[    0.000000] SMBIOS 2.5 present.
[    0.000000] Hypervisor detected: KVM
[    0.000000] e820: last_pfn = 0x3fff0 max_arch_pfn = 0x400000000
[    0.000000] MTRR: Disabled
[    0.000000] x86/PAT: MTRRs disabled, skipping PAT initialization too.
[    0.000000] CPU MTRRs all blank - virtualized system.
[  000000] x86/PAT: nfuration [0-7]:WB  WT  UC- UC  WB  WT  UC- UC  
[    0.000000] found SMP MP-table at [mem 0x0009fff0-0x0009ffff] mapped at [ffff88000009fff0]
[    0.000000] Scanning 1 areas for low memory corruption
[    0.000000] RAMDISK: [mem 0x36ac2000-0x37558fff]
[    0.000000] ACPI: Early table checksum verification disabled
[    0.000000] ACPI: RSDP 0x00000000000E0000 000024 (v02 VBOX  )
[    0.000000] ACPI: XSDT 0x000000003FFF0030 00003C (v01 VBOX   VBOXXSDT 00000001 ASL  00000061)
[    0.000000] ACPI: FACP 0x000000003FFF00F0 0000F4 (v04 VBOX   VBOXFACP 00000001 ASL  00000061)
[    0.000000] ACPI: DSDT 0x000000003FFF0470 002118 (v01 VBOX   VBOXBIO000002NT20160108)
[    0000] AC: CS 0000003FFF0200 0000
   0.0000]AC: CS 0x000000003FF20000040
[   .000 ACPI: APIC 0x00003FFF0240 00005C 02BOX   VBOXAPIC 00000 ASL  00000061)   0.000000] ACPI: SSDT 0x000000003FFF02A0 0001CC (v01 VBOX   VBOXCPUT 00000002 IN 260108)
[  0.000 No NUMA cfiguti found
[  0.000 Faking a node a[m 0x00000000000000-000000003ffeffff
[  0.000000] NODEAT(0 allocated [mem 3fb000-0x3ffeffff][   0000] kvm-clock: Using msr 4b564d01 and 5600
[  00000 k-clock: cpu 0, m 0ffe3001, primarypulock
[    0.0000]vm-clockusng sched offst of 3220736 ccles
  .000000] clocksocekvm-clock: mask:xfffffffffffffff maxycs: 0x1cd42e4dffb, max_ie_: 881590591483 ns
[    0.000000] Zone ranges:
[    0.000000]   DMA      [mem 0x0000000000001000-0x0000000000ffffff]
[    0.000000]   DMA32    [mem 0x0000000001000000-0x000000003ffeffff]
[    0.000000]   Normal   empty
[    0.000000]   Device   empty
[    0.000000] Movable zone start for each node
[    0.000000] Early memory node ranges
[    0.000000]   node   0: [mem 0x0000000000001000-0x000000000009efff]
[    0.000000]   node   0: [mem 0x0000000000100000-0x000000003ffeffff]
[    0.000000] Initmem setup node 0 [mem 0x0000000000001000-0x000000003ffeffff]
[    0.000000] ACPI: PM-Timer IO Port: 0x4008
[    0.000000] IOAPIC[0]: apic_id 2, version 17, address 0xfec00000, GSI 0-23
[    0.000000] ACPI: INT_SRC_OVR (bus 0 bus_irq 0 global_irq 2 dfl dfl)
[    0.000000] ACPI: INT_SRC_OVR (bus 0 bus_irq 9 global_irq 9 high level)
[    0.000000] Using ACPI (MADT) for SMP configuration information
[    0.000000] smpboot: Allowing 2 CPUs, 0 hotplug CPUs
[    0.000000] PM: Registered nosave memory: [mem 0x00000000-0x00000fff]
[    0.000000] PM: Registered nosave memory: [mem 0x0009f000-0x0009ffff]
[    0.000000] PM: Registered nosave memory: [mem 0x000a0000-0x000effff]
[    0.000000] PM: Registered nosave memory: [mem 0x000f0000-0x000fffff]
[    0.000000] e820: [mem 0x40000000-0xfffbffff] available for PCI devices   0.000000] Boongaravirtualized kneon KVM
[  0.000 clocksource: rene-jifies:as 0xffff max_cycles: 0xffff, maid_ns:6419600211568 ns
[  000000] setup_percpu: NR_CPUS:512 nr_cpumask_bits:512 nr_cpu_ids:2 nr_node_ids:1
[    0.000000] PERCPU: Embedded 34 pages/cpu @ffff88003fc00000 s99544 r8192 d31528 u1048576
[    0.000000] PV qspinlock hash table entries: 256 (order: 0, 4096 bytes)
[    0.000000] Built 1 zonelists in Node order, mobility grouping on.  Total pages: 257913
[    0.000000] Policy zone: DMA32
[    0.000000] Kernel command line: BOOT_IMAGE=/boot/vmlinuz-4.4.0-116-generic root=LABEL=cloudimg-rootfs ro console=tty1 console=ttyS0
[    0.000000] PID hash table entries: 4096 (order: 3, 32768 bytes)
[    0.000000] Memory: 1001688K/1048120K available (8530K kernel code, 1309K rwdata, 3992K rodata, 1508K init, 1316K bss, 46432K reserved, 0K cma-reserved)
[    0.000000] SLUB: HWalign=64, Order=0-3, MinObjects=0, CPUs=2, Nodes=1
[    0.000000] Kernel/User page tables isolation: enabled
[    0.000000] Hierarchical RCU implementation.
[    0.000000] 	Build-time adjustment of leaf fanout to 64.
[    0.000000] 	RCU restricting CPUs from NR_CPUS=512 to nr_cpu_ids=2.
[    0.000000] RCU: Adjusting geometry for rcu_fanout_leaf=64, nr_cpu_ids=2
[    0.000000] NR_IRQS:33024 nr_irqs:440 16
[    0.000000] Console: colour VGA+ 80x25
[    0.000000] console [tty1] enabled
[    0.000000] console [ttyS0] enabled
[    0.000000] tsc: Detected 3292.516 MHz processor
[    7.018768] Calibrating delay loop (skipped) preset value.. 6585.03 BogoMIPS (lpj=13170064)
[    7.020177] pid_max: default: 32768 minimum: 301
[    7.020971] ACPI: Core revision 20150930
[    7.022536] ACPI: 2 ACPI AML tables successfully acquired and loaded
[    7.023669] Security Framework initialized
[    7.024363] Yama: becoming mindful.
[    7.025001] AppArmor: AppArmor initialized
[    7.025771] Dentry cache hash table entries: 131072 (order: 8, 1048576 bytes)
[   7.027417] Inode-cache hash table entries: 65536 (order: 7, 524288 bytes)
[    7.218169] Mount-cache hash table entries: 2048 (order: 2, 16384 bytes)
[    7.419451] Mountpoint-cache hash table entries: 2048 (order: 2, 16384 bytes)
[    7.595040] Initializing cgroup subsys io
[    7.595737] Initializing cgroup subsys memory
[    7.596464] Initializing cgroup subsys devices
[    7.597213] Initializing cgroup subsys freezer
[    7.597969] Initializing cgroup subsys net_cls
[    7.598722] Initializing cgroup subsys perf_event
[    7.599485] Initializing cgroup subsys net_prio
[    7.600229] Initializing cgroup subsys hugetlb
[    7.600958] Initializing cgroup subsys pids
[    7.601752] CPU: Physical Processor ID: 0
[    7.602448] CPU: Processor Core ID: 0
[    7.603100] FEATURE SPEC_CTRL Not Present
[    7.704541] mce: CPU supports 0 MCE banks
[    7.820678] Last level iTLB entries: 4KB 512, 2MB 8, 4MB 8
[    7.985789] Last level dTLB entries: 4KB 512, 2MB 32, 4MB 32, 1GB 0
[    8.170203] Spectre V2 mitigation: Mitigation: Full generic retpoline
[    8.363560] Spectre V2 mitigation: Speculation control IBPB not-supported IBRS not-supported
[    8.601239] Freeing SMP alternatives memory: 32K
[    8.650663] ftrace: allocating 32186 entries in 126 pages
[    8.856539] smpboot: APIC(0) Converting physical 0 to logical package 0
[    9.051248] smpboot: Max logical packages: 1
[    9.182012] ..TIMER: vector=0x30 apic1=0 pin1=2 apic2=-1 pin2=-1
[    9.466279] smpboot: CPU0: Intel(R) Core(TM) i5-2500 CPU @ 3.30GHz (family: 0x6, model: 0x2a, stepping: 0x7)
[    9.509864] Performance Events: unsupported p6 CPU model 42 no PMU driver, software events only.
[    9.512424] KVM setup paravirtual spinlock
[    9.513740] x86: Booting SMP configuration:
[    9.514446] .... node  #0, CPUs:      #1
[    9.515217] kvm-clock: cpu 1, msr 0:3ffe3041, secondary cpu clock
[    9.515926] mce: CPU supports 0 MCE banks
[    9.518347] x86: Booted up 1 node, 2 CPUs
[    9.529790] smpboot: Total of 2 processors activated (13170.06 BogoMIPS)
[    9.691460] devtmpfs: initialized
[    9.708771] evm: security.selinux
[    9.800218] evm: security.SMACK64
[    9.891011] evm: security.SMACK64EXEC
[    9.996927] evm: security.SMACK64TRANSMUTE
[   10.010048] evm: security.SMACK64MMAP
[   10.010775] evm: security.ima
[   10.011387] evm: security.capability
[   10.012457] clocksource: jiffies: mask: 0xffffffff max_cycles: 0xffffffff, max_idle_ns: 7645041785100000 ns
[   10.015919] futex hash table entries: 512 (order: 3, 32768 bytes)
[   10.017015] pinctrl core: initialized pinctrl subsystem
[   10.017943] RTC time: 14:28:28, date: 03/13/18
[   10.018881] NET: Registered protocol family 16
[   10.030431] cpuidle: using governor ladder
[   10.150340] cpuidle: using governor menu
[   10.266383] PCCT header not found.
[   10.366729] ACPI: bus type PCI registered
[   10.392074] acpiphp: ACPI Hot Plug PCI Controller Driver version: 0.5
[   10.393101] PCI: Using configuration type 1 for base access
[   10.408045] ACPI: Added _OSI(Module Device)
[   10.525525] ACPI: Added _OSI(Processor Device)
[   10.658472] ACPI: Added _OSI(3.0 _SCP Extensions)
[   10.748204] ACPI: Added _OSI(Processor Aggregator Device)
[   10.852010] ACPI: Executed 1 blocks of module-level executable AML code
[   11.029363] ACPI: Interpreter enabled
[   11.136170] ACPI: (supports S0 S5)
[   11.238535] ACPI: Using IOAPIC for interrupt routing
[   11.386353] PCI: Using host bridge windows from ACPI; if necessary, use "pci=nocrs" and report a bug
[   11.511510] ACPI: PCI Root Bridge [PCI0] (domain 0000 [bus 00-ff])
[   11.695761] acpi PNP0A03:00: _OSC: OS supports [ASPM ClockPM Segments MSI]
[   11.801232] acpi PNP0A03:00: _OSC failed (AE_NOT_FOUND); disabling ASPM
[   11.808584] acpi PNP0A03:00: fail to add MMCONFIG information, can't access extended PCI configuration space under this bridge.
[   12.129248] PCI host bridge to bus 0000:00
[   12.197080] pci_bus 0000:00: root bus resource [io  0x0000-0x0cf7 window]
[   12.278628] pci_bus 0000:00: root bus resource [io  0x0d00-0xffff window]
[   12.386998] pci_bus 0000:00: root bus resource [mem 0x000a0000-0x000bffff window]
[   12.388270] pci_bus 0000:00: root bus resource [mem 0x40000000-0xffdfffff window]
[   12.389497] pci_bus 0000:00: root bus resource [bus 00-ff]
[   12.391669] pci 0000:00:01.1: legacy IDE quirk: reg 0x10: [io  0x01f0-0x01f7]
[   12.392679] pci 0000:00:01.1: legacy IDE quirk: reg 0x14: [io  0x03f6]
[   12.393674] pci 0000:00:01.1: legacy IDE quirk: reg 0x18: [io  0x0170-0x0177]
[   12.394690] pci 0000:00:01.1: legacy IDE quirk: reg 0x1c: [io  0x0376]
[   12.422705] ACPI: PCI Interrupt Link [LNKA] (IRQs 5 9 10 11) *0, disabled.
[   12.601794] ACPI: PCI Interrupt Link [LNKB] (IRQs 5 9 10 *11)
[   12.751168] ACPI: PCI Interrupt Link [LNKC] (IRQs 5 9 *10 11)
[   12.788807] ACPI: PCI Interrupt Link [LNKD] (IRQs 5 *9 10 11)
[   12.889835] ACPI: Enabled 2 GPEs in block 00 to 07
[   13.017100] vgaarb: setting as boot device: PCI:0000:00:02.0
[   13.187252] vgaarb: device added: PCI:0000:00:02.0,decodes=io+mem,owns=io+mem,locks=none
[   13.429554] vgaarb: loaded
[   13.508648] vgaarb: bridge control possible 0000:00:02.0
[   13.659220] SCSI subsystem initialized
[   13.773531] ACPI: bus type USB registered
[   13.889530] usbcore: registered new interface driver usbfs
[   13.935355] usbcore: registered new interface driver hub
[   14.071623] usbcore: registered new device driver usb
[   14.220081] PCI: Using ACPI for IRQ routing
[   14.344238] NetLabel: Initializing
[   14.446796] NetLabel:  domain hash size = 128
[   14.573156] NetLabel:  protocols = UNLABELED CIPSOv4
[   14.716125] NetLabel:  unlabeled traffic allowed by default
[   14.879679] amd_nb: Cannot enumerate AMD northbridges
[   14.987149] clocksource: Switched to clocksource kvm-clock
[   15.013961] AppArmor: AppArmor Filesystem Enabled
  5.83] p:nPCPin
  5.011] pnp: PnP ACPI: found 3 devices
[   15.944118] clocksource: acpi_pm: mask: 0xffffff max_cycles: 0xffffff, max_idle_ns: 2085701024 ns
[   16.058103] NET: Registered protocol family 2
[   16.058981] TCP established hash table entries: 8192 (order: 4, 65536 bytes)
[   16.060045] TCP bind hash table entries: 8192 (order: 5, 131072 bytes)
[   16.061020] TCP: Hash tables configured (established 8192 bind 8192)
[   16.061996] UDP hash table entries: 512 (order: 2, 16384 bytes)
[   16.062891] UDP-Lite hash table entries: 512 (order: 2, 16384 bytes)
[   16.063881] NET: Registered protocol family 1
[   16.064610] pci 0000:00:00.0: Limiting direct PCI/PCI transfers
[   16.065515] pci 0000:00:01.0: Activating ISA DMA hang workarounds
[   16.066555] Unpacking initramfs...
[   17.588783] Freeing initrd memory: 10844K
[   17.817218] RAPL PMU detected, API unit is 2^-32 Joules, 3 fixed counters 10737418240 ms ovfl timer
[   18.160505] hw unit of domain pp0-core 2^-0 Joules
[   18.161340] hw unit of domain package 2^-0 Joules
[   18.168397] hw unit of domain pp1-gpu 2^-0 Joules
[   18.169366] platform rtc_cmos: registered platform RTC device (no PNP device found)
  8.85] anngorowemy corruption every 60 seconds
[   18.788916] audit: initializing netlink subsys (disabled)
[   18.805611] audit: type=2000 audit(1520951306.755:1): initialized
[   18.806807] Initialise system trusted keyring
[   18.808085] HugeTLB registered 2 MB page size, pre-allocated 0 pages
[   18.989073] zbud: loaded
[   19.056330] VFS: Disk quotas dot.6
  9.72] c: Refined TSC clocksource calibration: 3294.596 MHz
[   19.167243] clocksource: tsc: mask: 0xffffffffffffffff max_cycles: 0x2f7d5b944e9, max_idle_ns: 440795349328 ns
[   20.009048] VFS: Dquot-cache hash table entries: 512 (order 0, 4096 bytes)
[   20.010297] squashfs: version 4.0 (2009/01/31) Phillip Lougher
[   20.011601] fuse init (API version 7.23)
[   20.012493] Key type big_key registered
[   20.013150] Allocating IMA MOK and blacklist keyrings.
[   20.016013] Key type asymmetric registered
[   20.016699] Asymmetric key parser 'x509' registered
[   20.017498] Block layer SCSI generic (bsg) driver version 0.4 loaded (major 249)
[   20.018835] io scheduler noop registered
[   20.019523] io scheduler deadline registered (default)
[   20.020347] io scheduler cfq registered
[   20.021161] pci_hotplug: PCI Hot Plug PCI Core version: 0.5
[   20.022024] pciehp: PCI Express Hot Plug Controller Driver version: 0.4
[   20.023104] ACPI: AC Adapter [AC] (on-line)
[   20.023872] input: Power Button as /devices/LNXSYSTM:00/LNXPWRBN:00/input/input0
[   20.025093] ACPI: Power Button [PWRF]
[   20.025765] input: Sleep Button as /devices/LNXSYSTM:00/LNXSLPBN:00/input/input1
[   20.026961] ACPI: Sleep Button [SLPF]
[   20.028105] GHES: HEST is not enabled!
[   20.139275] Serial: 8250/16550 driver, 32 ports, IRQ sharing enabled
[   20.288877] 00:02: ttyS0 at I/O 0x3f8 (irq = 4, base_baud = 115200) is a 16550A
[   20.382786] Linux agpgart interface v0.103
[   20.739616] loop: module loaded
[   20.907922] scsi host0: ata_piix
[   21.077454] scsi host1: ata_piix
[   21.219846] ata1: PTTA max UDMA/33 cmd 0x100cctl 0x3f6 bmdma 0xd000 irq 14
[   21.827172] ata2: PATA max UDMA/33 cmd 0x170 ctl 0x376 bmdma 0xd008 irq 15
[   22.017761] libphy: Fixed MDIO Bus: probed
[   22.397170] tun: Universal TUN/TAP device driver, 1.6
[   22.417578] tun: (C) 1999-2004 Max Krasnyansky <maxk@qualcomm.com>
[   22.421067] PPP generic driver version 2.4.2
[   22.857225] ehci_hcd: USB 2.0 'Enhanced' Host Controller (EHCI) Driver
[   23.017597] ehci-pci: EHCI PCI platform driver
[   23.370168] ehci-platform: EHCI generic platform driver
[   23.507341] ohci_hcd: USB 1.1 'Open' Host Controller (OHCI) Driver
[   23.514073] ohci-pci: OHCI PCI platform driver
[   23.514825] ohci-platform: OHCI generic platform driver
[   23.515673] uhci_hcd: USB Universal Host Controller Interface driver
[   23.516660] i8042: PNP: PS/2 Controller [PNP0303:PS2K,PNP0f03:PS2M] at 0x60,0x64 irq 1,12
[   23.938056] serio: i8042 KBD port at 0x60,0x64 irq 1
[   24.477123] serio: i8042 AUX port at 0x60,0x64 irq 12
[   24.537621] mousedev: PS/2 mouse device common for all mice
[   25.027657] rtc_cmos rtc_cmos: rtc core: registered rtc_cmos as rtc0
[   25.317311  rtc_cmos rtc_cmos: alarms up to one day, 114 bytes nvram
[   25.597268] i2c /dev entries driver
[   25.697170] input: AT Translated Set 2 keyboard as /devices/platform/i8042/serio0/input/input2
[   25.699863] device-mapper: uevent: version 1.0.3
[   25.699942] device-mapper: ioctl: 4.34.0-ioctl (2015-10-28) initialised: dm-devel@redhat.com
[   25.699963] ledtrig-cpu: registered to indicate activity on CPUs
[   25.700226] NET: Registered protocol family 10
[   25.700377] NET: Registered protocol family 17
[   25.700387] Key type dns_resolver registered
[   25.700530] microcode: CPU0 sig=0x206a7, pf=0x10, revision=0x0
[   26.007583] microcode: CPU1 sig=0x206a7, pf=0x10, revision=0x0
[   26.007679] microcode: Microcode Update Driver: v2.01 <tigran@aivazian.fsnet.co.uk>, Peter Oruba
[   26.007826] registered taskstats version 1
[   26.007839] Loading compiled-in X.509 certificates
[   26.008528] Loaded X.509 cert 'Build time autogenerated kernel key: aa84f01984fbd529c105810b59e379d349698248'
[   26.008553] zswap: loaded using pool lzo/zbud
[   26.010360] Key type trusted registered
[   26.013647] Key type encrypted registered
[   26.013653] AppArmor: AppArmor sha1 policy hashing enabled
[   26.013656] ima: No TPM chip found, activating TPM-bypass!
[   26.013701] evm: HMAC attrs: 0x1
[   26.013936]   Magic number: 10:368:485
[   26.195573] rtc_cmos rtc_cmos: setting system clock to 2018-03-13 14:28:44 UTC (1520951324)
[   26.195728] BIOS EDD facility v0.16 2004-Jun-25, 0 devices found
[   26.195729] EDD information not available.
[   26.664074] Freeing unused kernel memory: 1508K
[   26.664869] Write protecting the kernel read-only data: 14336k
[   26.789043] Freeing unused kernel memory: 1700K
[   27.037538] Freeing unused kernel memory: 104K
Loading, please [   27.304604] random: systemd-udevd: uninitialized urandom read (16 bytes read, 4 bits of entropy available)
wait...
starting version 229
[   27.305369] random: udevadm: uninitialized urandom read (16 bytes read, 4 bits of entropy available)
[   27.305395] random: udevadm: uninitialized urandom read (16 bytes read, 4 bits of entropy available)
[   27.319176] random: udevadm: uninitialized urandom read (16 bytes read, 4 bits of entropy available)
[   27.319232] random: udevadm: uninitialized urandom read (16 bytes read, 4 bits of entropy available)
[   27.319430] random: udevadm: uninitialized urandom read (16 bytes read, 4 bits of entropy available)
[   27.319511] random: udevadm: uninitialized urandom read (16 bytes read, 4 bits of entropy available)
[   27.319593] random: udevadm: uninitialized urandom read (16 bytes read, 4 bits of entropy available)
[   27.319672] random: udevadm: uninitialized urandom read (16 bytes read, 4 bits of entropy available)
[   27.319752] random: udevadm: uninitialized urandom read (16 bytes read, 4 bits of entropy available)
[   27.550286] e1000: Intel(R) PRO/1000 Network Driver - version 7.3.21-k8-NAPI
[   27.724838] e1000: Copyright (c) 1999-2006 Intel Corporation.
[   28.247378] Fusion MPT base driver 3.04.20
[   28.407105] Copyright (c) 1999-2008 LSI Corporation
[   28.648428] AVX version of gcm_enc/dec engaged.
[   28.770647] AES CTR mode by8 optimization enabled
[   28.785666] Fusion MPT SPI Host driver 3.04.20
[   28.839832] input: ImExPS/2 Generic Explorer Mouse as /devices/platform/i8042/serio1/input/input4
[   29.483003] e1000 0000:00:03.0 eth0: (PCI:33MHz:32-bit) 02:f4:1f:34:da:68
[   29.867254] e1000 0000:00:03.0 eth0: Intel(R) PRO/1000 Network Connection
[   30.468922] e1000 0000:00:03.0 enp0s3: renamed from eth0
[   30.651416] mptbase: ioc0: Initiating bringup
[   30.715382] ioc0: LSI53C1030 A0: Capabilities={Initiator}
[   31.063224] scsi host2: ioc0: LSI53C1030 A0, FwRev=00000000h, Ports=1, MaxQ=256, IRQ=20
[   31.887553] floppy0: no floppy controllers found
[   31.999785] scsi 2:0:0:0: Direct-Access     VBOX     HARDDISK         1.0  PQ: 0 ANSI: 5
[   32.487533] scsi target2:0:0: Beginning Domain Validation
[   32.670984] scsi target2:0:0: Domain Validation skipping write tests
[   33.217170] scsi target2:0:0: Ending Domain Validation
[   33.577319] scsi target2:0:0: asynchronous
[   33.978329] scsi 2:0:1:0: Direct-Access     VBOX     HARDDISK         1.0  PQ: 0 ANSI: 5
[   34.307469] scsi target2:0:1: Beginning Domain Validation
[   34.650390] scsi target2:0:1: Domain Validation skipping write tests
[   35.075841] scsi target2:0:1: Ending Domain Validation
[   35.307379] scsi target2:0:1: asynchronous
[   35.623449] sd 2:0:0:0: [sda] 20971520 512-byte logical blocks: (10.7 GB/10.0 GiB)
[   35.623602] sd 2:0:0:0: Attached scsi generic sg0 type 0
[   35.839901] sd 2:0:1:0: Attached scsi generic sg1 type 0
[   36.152647] sd 2:0:1:0: [sdb] 20480 512-byte logical blocks: (10.5 MB/10.0 MiB)
[   36.152766] sd 2:0:0:0: [sda] Write Protect is off
[   36.152931] sd 2:0:0:0: [sda] Incomplete mode parameter data
[   36.152932] sd 2:0:0:0: [sda] Assuming drive cache: write through
[   36.254767]  sda: sda1
[   36.256046] sd 2:0:0:0: [sda] Attached SCSI disk
[   37.247727] sd 2:0:1:0: [sdb] Write Protect is off
[   37.527416] sd 2:0:1:0: [sdb] Incomplete mode parameter data
[   38.018266] sd 2:0:1:0: [sdb] Assuming drive cache: write through
[   38.378341] sd 2:0:1:0: [sdb] Attached SCSI disk
Begin: Loading e[   40.209773] md: linear personality registered for level -1
ssential drivers ... [   40.510196] md: multipath personality registered for level -4
[   40.860435] md: raid0 personality registered for level 0
[   41.001412] md: raid1 personality registered for level 1
[   41.223189] raid6: sse2x1   gen()  9408 MB/s
[   41.415182] raid6: sse2x1   xor()  7303 MB/s
[   41.607197] raid6: sse2x2   gen() 11188 MB/s
[   41.799182] raid6: sse2x2   xor()  8312 MB/s
[   41.991183] raid6: sse2x4   gen() 13560 MB/s
[   42.175184] raid6: sse2x4   xor()  9909 MB/s
[   42.181183] raid6: using algorithm sse2x4 gen() 13560 MB/s
[   42.182004] raid6: .... xor() 9909 MB/s, rmw enabled
[   42.182761] raid6: using ssse3x2 recovery algorithm
[   42.185225] xor: automatically using best checksumming function:
[   42.243482]    avx       : 51993.000 MB/sec
[   42.479002] async_tx: api initialized (async)
[   42.508747] md: raid6 personality registered for level 6
[   42.563591] md: raid5 personality registered for level 5
[   42.568601] md: raid4 personality registered for level 4
[   42.576975] md: raid10 personality registered for level 10
done.
Begin: Running /scripts/init-premount ... done.
Begin: Mounting root file system ... Begin: Running /scripts/local-top ..[   42.632171] Btrfs loaded
. done.
Begin: Running /scripts/local-premount ... Scanning for Btrfs filesystems
done.
Warni[   42.959858] EXT4-fs (sda1): mounted filesystem with ordered data mode. Opts: (null)
ng: fsck not present, so skipping root file system
done.
Begin: Running /scripts/local-bottom ... done.
Begin: Running /scripts/init-bottom ... done.
[   43.775085] systemd[1]: systemd 229 running in system mode. (+PAM +AUDIT +SELINUX +IMA +APPARMOR +SMACK +SYSVINIT +UTMP +LIBCRYPTSETUP +GCRYPT +GNUTLS +ACL +XZ -LZ4 +SECCOMP +BLKID +ELFUTILS +KMOD -IDN)
[   44.804713] systemd[1]: Detected virtualization oracle.
[   44.807921] systemd[1]: Detected architecture x86-64.
[   45.028029] random: nonblocking pooliis initialized

Welcome to [1mUbuntu 16.04.4 LTS[0m!

[   45.589032] systemd[1]: Set hostname to <ubuntu>.
[   45.757208] systemd[1]: Initializing machine ID from random generator.
[   45.977279] systemd[1]: Installed transient /etc/machine-id file
[   47.210767] systemd[1]: Reached target User and Group Name Lookups.
[[0;32m  OK  [0m] Reached target User and Group Name Lookups.
[   47.230611] systemd[1]: Listening on Syslog Socket.
[[0;32m  OK  [0m] Listening on Syslog Socket.
[   47.267743] systemd[1]: Set up automount Arbitrary Executable File Formats File System Automount Point.
[[0;32m  OK  [0m] Set up automount Arbitrary Executab...ats File System Automount Point.
[   48.028959] systemd[1]: Started Forward Password Requests to Wall Directory Watch.
[[0;32m  OK  [0m] Started Forward Password Requests to Wall Directory Watch.
[   48.091517] systemd[1]: Started Trigger resolvconf update for networkd DNS.
[[0;32m  OK  [0m] Started Trigger resolvconf update for networkd DNS.
[   48.794252] systemd[1]: Created slice User and Session Slice.
[[0;32m  OK  [0m] Created slice User and Session Slice.
[   48.796204] systemd[1]: Listening on Journal Socket.
[[0;32m  OK  [0m] Listening on Journal Socket.
[   48.797953] systemd[1]: Listening on LVM2 metadata daemon socket.
[[0;32m  OK  [0m] Listening on LVM2 metadata daemon socket.
[   48.998283] systemd[1]: Listening on Journal Socket (/dev/log).
[[0;32m  OK  [0m] Listening on Journal Socket (/dev/log).
[   49.043463] systemd[1]: Reached target Encrypted Volumes.
[[0;32m  OK  [0m] Reached target Encrypted Volumes.
[   49.120359] systemd[1]: Listening on Device-mapper event daemon FIFOs.
[[0;32m  OK  [0m] Listening on Device-mapper event daemon FIFOs.
[   49.122583] systemd[1]: Listening on /dev/initctl Compatibility Named Pipe.
[[0;32m  OK  [0m] Listening on /dev/initctl Compatibility Named Pipe.
[   49.125241] systemd[1]: Created slice System Slice.
[[0;32m  OK  [0m] Created slice System Slice.
[   49.139628] systemd[1]: Mounting POSIX Message Queue File System...
         Mounting POSIX Message Queue File System...
[   49.731327] systemd[1]: Mounting Debug File System...
         Mounting Debug File System...
[   50.027339] systemd[1]: Mounting Huge Pages File System...
         Mounting Huge Pages File System...
[   50.179109] systemd[1]: Starting Monitoring of LVM2 mirrors, snapshots etc. usingddmeventd or progress pollnng...
         Starting Monitoring of LVM2 mirrors... dmeventd or progress polling...
[   50.539454] systemd[1]: Starting Create list of required static device nodes for the current kernel...
         Starting Create list of required st... nodes for the current kernel...
[   51.090268] systemd[1]: Starting Remount Root and Kernel File Systems...
         Starting Remount Root and Kernel File Systems...
[   51.094684] EXT4-fs (sda1): re-mounted. Opts: (null)
[   51.105484] systemd[1]: Starting Nameserver information manager...
         Starting Nameserver information manager...
[   51.242222] systemd[1]: Created slice system-serial\x2dgetty.slice.
[[0;32m  OK  [0m] Created slice system-serial\x2dgetty.slice.
[   51.244411] systemd[1]: Listening on udev Kernel Socket.
[[0;32m  OK  [0m] Listening on udev Kernel Socket.
[   51.246306] systemd[1]: Listening on LVM2 poll daemon socket.
[[0;32m  OK  [0m] Listening on LVM2 poll daemon socket.
[   51.248285] systemd[1]: Listening on udev Control Socket.
[[0;32m  OK  [0m] Listening on udev Control Socket.
[   51.250262] systemd[1]: Reached target Slices.
[[0;32m  OK  [0m] Reached target Slices.
[   51.295501] systemd[1]: Starting Load Kernel Modules...
         Starting Load Kernel Modules...
[   51.470463] systemd[1]: Reached target Swap.
[[0;32m  OK  [0m] Reached targe[   51.732671] Loading iSCSI transport class v2.0-870.
t Swap.
[   52.307414] systemd[1]: Starting Uncomplicated firewall...
         Starting Uncomplicated firewall.[   52.476233] iscsi: registered transport (tcp)
..
[   52.711688] systemd[1]: Listening on Journal Audit Socket.
[[0;32m  OK  [0m] Listening on [   52.902696] iscsi: registered transport (iser)
Journal Audit Socket.
[   53.019559] systemd[1]: Starting Journal Service...
         Starting Journal Service...
[   53.211505] systemd[1]: Starting Set console keymap...
         Starting Set console keymap...
[   53.363521] systemd[1]: Mounted Huge Pages File System.
[[0;32m  OK  [0m] Mounted Huge Pages File System.
[   53.384863] systemd[1]: Mounted Debug File System.
[[0;32m  OK  [0m] Mounted Debug File System.
[   53.386395] systemd[1]: Mounted POSIX Message Queue File System.
[[0;32m  OK  [0m] Mounted POSIX Message Queue File System.
[   53.390456] systemd[1]: Started Create list of required static device nodes for the current kernel.
[[0;32m  OK  [0m] Started Create list of required sta...ce nodes for the current kernel.
[   53.460394] systemd[1]: Started Remount Root and Kernel File Systems.
[[0;32m  OK  [0m] Started Remount Root and Kernel File Systems.
[   53.600373] systemd[1]: Started Load Kernel Modules.
[[0;32m  OK  [0m] Started Load Kernel Modules.
[   53.792957] systemd[1]: Started Uncomplicated firewall.
[[0;32m  OK  [0m] Started Uncomplicated firewall.
[   54.010203] systemd[1]: Started Set console keymap.
[[0;32m  OK  [0m] Started Set console keymap.
[ 54273] systemd[1]: Started Nameserver information manager.
[[0;32m  OK  [0m] Started Nameserver information manager.
[   54.426060] systemd[1]: Started Journal Service.
[[0;32m  OK  [0m] Started Journal Service.
[[0;32m  OK  [0m] Started LVM2 metadata daemon.
         Mounting FUSE Control File System...
         Starting Apply Kernel Variables...
         Starting Initial cloud-init job (pre-networking)...
         Starting udev Coldplug all Devices...
         Starting Load/Save Random Seed...
         Starting Flush Journal to Persistent Storage...
         Starting Create Static Device Nodes in /dev...
[[0;32m  OK  [0m] Mounted FUSE Control File System.
[[0;32m  OK  [0m] Started Apply Kernel Variables.
[[0;32m  OK  [0m] Started Load/Save Random Seed.
[[0;32m  OK  [0m] Started Create Static Device Nodes in /dev.
[[0;32m  OK  [0m] Started udev Coldplug all Devices.
         Starting udev Kernel Device Manager...
[[0;32m  OK  [0m] Started Flush Journal to Persistent Storage.
[[0;32m  OK  [0m] Started Monitoring of LVM2 mirrors,...ng dmeventd or progress polling.
[[0;32m  OK  [0m] Started udev Kernel Device Manager.
[[0;32m  OK  [0m] Reached target Local File Systems (Pre).
[[0;32m  OK  [0m] Reached target Local File Systems.
         Starting Create Volatile Files and Directories...
         Starting LSB: AppArmor initialization...
         Starting Tell Plymouth To Write Out Runtime Data...
         Starting Set console font and keymap...
         Starting Commit a transient machine-id on disk...
[[0;32m  OK  [0m] Started Dispatch Password Requests to Console Directory Watch.
[[0;32m  OK  [0m] Started Create Volatile Files and Directories.
[[0;32m  OK  [0m] Started Tell Plymouth To Write Out Runtime Data.
[[0;32m  OK  [0m] Started Commit a transient machine-id on disk.
[[0;32m  OK  [0m] Found device /dev/ttyS0.
         Starting Update UTMP about System Boot/Shutdown...
[[0;32m  OK  [0m] Reached target System Time Synchronized.
[[0;32m  OK  [0m] Started Update UTMP about System Boot/Shutdown.
[[0;32m  OK  [0m] Started Set console font and keymap.
[[0;32m  OK  [0m] Created slice system-getty.slice.
[[0;32m  OK  [0m] Listening on Load/Save RF Kill Switch Status /dev/rfkill Watch.
[[0;32m  OK  [0m] Started LSB: AppArmor initialization.
[   44.846539] cloud-init[451]: Cloud-init v. 17.2 running 'init-local' at Tue, 13 Mar 2018 14:29:17 +0000. Up 44.29 seconds.
[[0;32m  OK  [0m] Started Initial cloud-init job (pre-networking).
[[0;32m  OK  [0m] Reached target Network (Pre).
         Starting Raise network interfaces...
[[0;32m  OK  [0m] Started Raise network interfaces.
         Starting Initial cloud-init job (metadata service crawler)...
[[0;32m  OK  [0m] Reached target Network.
[   47.206092] cloud-init[936]: Cloud-init v. 17.2 running 'init' at Tue, 13 Mar 2018 14:29:18 +0000. Up 45.68 seconds.
[   47.250750] cloud-init[936]: ci-info: +++++++++++++++++++++++++++++++++++++Net device info++++++++++++++++++++++++++++++++++++++
[   47.336464] cloud-init[936]: ci-info: +--------+------+----------------------------+---------------+-------+-------------------+
[[0;32m  OK  [0m] Started Initial cloud-init job (metadata service crawler).
[   47.336715] cloud-init[936]: ci-info: | Device |  Up  |          Address           |      Mask     | Scope |     Hw-Address    |
[   47.599807] cloud-init[936]: ci-info: +--------+------+----------------------------+---------------+-------+-------------------+
[   47.600172] cloud-init[936]: ci-info: | enp0s3 | True |         10.0.2.15          | 255.255.255.0 |   .   | 02:f4:1f:34:da:68 |
[   47.600475] cloud-init[936]: ci-info: | enp0s3 | True | fe80::f4:1fff:fe34:da68/64 |       .       |  link | 02:f4:1f:34:da:68 |
[[0;32m  OK  [0m] Reached target System Initialization.
[   47.600773] cloud-init[936]: ci-info: |   lo   | True |         127.0.0.1          |   255.0.0.0   |   .   |         .         |
[   47.838296] cloud-init[936]: ci-info: |   lo   | True |          ::1/128           |       .       |  host |         .         |
[   47.838481] cloud-init[936]: ci-info: +--------+------+----------------------------+---------------+-------+-------------------+
[   47.838754] cloud-init[936]: ci-info: +++++++++++++++++++++++++++Route IPv4 info++++++++++++++++++++++++++++
[   47.839025] cloud-init[936]: ci-info: +-------+-------------+----------+---------------+-----------+-------+
[   47.839281] cloud-init[936]: ci-info: | Route | Destination | Gateway  |    Genmask    | Interface | Flags |
[   47.839542] cloud-init[936]: ci-info: +-------+-------------+----------+---------------+-----------+-------+
[   47.839809] cloud-init[936]: ci-info: |   0   |   0.0.0.0   | 10.0.2.2 |    0.0.0.0    |   enp0s3  |   UG  |
[   47.840348] cloud-init[936]: ci-info: |   1   |   10.0.2.0  | 0.0.0.0  | 255.255.255.0 |   enp0s3  |   U   |
[   47.840609] cloud-init[936]: ci-info: +-------+-------------+----------+---------------+-----------+-------+
[   47.840867] cloud-init[936]: Generating public/private rsa key pair.
[   47.841129] cloud-init[936]: Your identification has been saved in /etc/ssh/ssh_host_rsa_key.
[   47.841387] cloud-init[936]: Your public key has been saved in /etc/ssh/ssh_host_rsa_key.pub.
[[0;32m  OK  [0m] Listening on ACPID Listen Socket.
[   47.841651] cloud-init[936]: The key fingerprint is:
[   48.423354] cloud-init[936]: SHA256:1wGptCGUrp2C8U8ls3/YJyoYGg7a4I7PDTs8z7ZY888 root@ubuntu-xenial
[   48.425870] cloud-init[936]: The key's randomart image is:
[   48.427609] cloud-init[936]: +---[RSA 2048]----+
[   48.429184] cloud-init[936]: |     ...  ..     |
[   48.430757] cloud-init[936]: |      o o ..     |
[   48.432339] cloud-init[936]: |     . o +  .    |
[   48.433897] cloud-init[936]: |  .   + +  . .   |
[   48.448584] cloud-init[936]: |   + o *S . .    |
[   48.449036] cloud-init[936]: |o o = =  .       |
         Starting LXD - unix socket.
[   48.449230] cloud-init[936]: |o*.oo* . o       |
[   48.596503] cloud-init[936]: |ooBBooo.o + .    |
[   48.597055] cloud-init[936]: |oo===..oEo o     |
[[0;32m  OK  [0m] Started Daily apt download activities.
[   48.597381] cloud-init[936]: +----[SHA256]-----+
[   48.695639] cloud-init[936]: Generating public/private dsa key pair.
[   48.699326] cloud-init[936]: Your identification has been saved in /etc/ssh/ssh_host_dsa_key.
[   48.699690] cloud-init[936]: Your public key has been saved in /etc/ssh/ssh_host_dsa_key.pub.
[[0;32m  OK  [0m] Started ACPI Events Check.
[   48.699850] cloud-init[936]: The key fingerprint is:
[   48.714931] cloud-init[936]: SHA256:Ins1t5Ykf7z3uYAwZfkidjtXrFG6J/M4SvFaN6iKqZU root@ubuntu-xenial
[[0;32m  OK  [0m] Reached target Paths.
[   48.715107] cloud-init[936]: The key's randomart image is:
[[0;32m  OK  [0m] Started Daily Cleanup of Temporary Directories.
         [   48.756907] cloud-init[936]: +---[DSA 1024]----+
[   48.778369] cloud-init[936]: |                 |
[   48.778672] cloud-init[936]: |            .    |
[   48.778984] cloud-init[936]: |           +   . |
[   48.779303] cloud-init[936]: |          o . +  |
Starting Socket activation for snappy daemon.
[   48.779621] cloud-init[936]: |    . . S=o+ + o |
[   48.929161] cloud-init[936]: |     o oo*=+* *  |
[[0;32m  OK  [0m] Listening on D-Bus System Message Bus Socket.
[   48.929317] cloud-init[936]: |    . .E  ==o@ + |
[   49.124472] cloud-init[936]: |     .. o...*oX o|
[   49.125018] cloud-init[936]: |     ..o ..+oo.=o|
[[0;32m  OK  [0m] Started Timer to automatically refresh installed snaps.
[   49.125232] cloud-init[936]: +----[SHA256]-----+
[[0;32m  OK  [0m[   49.213477] cloud-init[936]: Generating public/private ecdsa key pair.
[   49.213989] cloud-init[936]: Your identification has been saved in /etc/ssh/ssh_host_ecdsa_key.
] Listening on UUID daemon activation socket.
[   49.214431] cloud-init[936]: Your public key has been saved in /etc/ssh/ssh_host_ecdsa_key.pub.
[   49.269068] cloud-init[936]: The key fingerprint is:
[[0;32m  OK  [0m] Started Daily apt upgrade and clean activities.
[   49.269229] cloud-init[936]: SHA256:c18Lu+3GQFZgc3AO3npTMY1SLNPTFDZkwfuDLIQ+eIQ root@ubuntu-xenial
[   49.660891] cloud-init[936]: The key's randomart image is:
[   49.661193] cloud-init[936]: +---[ECDSA 256]---+
[   49.661426] cloud-init[936]: |            ***&=|
[   49.661672] cloud-init[936]: |           o+BO.*|
[   49.661899] cloud-init[936]: |        . . .=o.o|
[   49.662137] cloud-init[936]: |       E o .o. o |
[   49.662375] cloud-init[936]: |        S oo+ = .|
[   49.662624] cloud-init[936]: |       . * o.B +.|
[   49.662860] cloud-init[936]: |        . . +o. .|
[   49.663099] cloud-init[936]: |             oo  |
[   49.663337] cloud-init[936]: |            .oo  |
[   49.663574] cloud-init[936]: +----[SHA256]-----+
[   49.663812] cloud-init[936]: Generating public/private ed25519 key pair.
[[0;32m  OK  [0m] Reached target Timers.
[   49.664306] cloud-init[936]: Your identification has been saved in /etc/ssh/ssh_host_ed25519_key.
[[0;32m  OK  [0m] Reached target Network is Online.
[   49.681485] cloud-init[936]: Your public key has been saved in /etc/ssh/ssh_host_ed25519_key.pub.
[   49.777361] cloud-init[936]: The key fingerprint is:
[   49.779376] cloud-init[936]: SHA256:fcjAEDV+S8B6VcsyGMMP2LqMhx6yG3RM+D4bmT8bezI root@ubuntu-xenial
[   49.804464] cloud-init[936]: The key's randomart image is:
[   49.804681] cloud-init[936]: +--[ED25519 256]--+
         Starting iSCSI initiator daemon (iscsid)...
[   49.804797] cloud-init[936]: |      oB*  ..    |
[   49.822453] cloud-init[936]: |   .  .+=*.. .   |
[[0;32m  OK  [0m] Reached target Cloud-config availability.
[[0;32m  OK  [0m] Listening on LXD - unix socket.
[[0;32m  OK  [0m] Listening on Socket activation for snappy daemon.
[   49.822541] cloud-init[936]: |  . .  o=+= o    |
[   49.980328] cloud-init[936]: |   +  o .*.=     |
[   49.988617] cloud-init[936]: |  . ++ oS = .    |
[   49.996810] cloud-init[936]: | ..o+o+    .     |
[   49.997585] cloud-init[936]: |  .+*o.          |
[   49.999841] cloud-init[936]: |  ...=Eo.        |
[   50.000826] cloud-init[936]: |  ... +*         |
[   50.001632] cloud-init[936]: +----[SHA256]-----+
[[0;32m  OK  [0m] Reached target Sockets.
[[0;32m  OK  [0m] Reached target Basic System.
         Starting Apply the settings specified in cloud-config...
[[0;32m  OK  [0m] Started ACPI event daemon.
[[0;32m  OK  [0m] Started D-Bus System Message Bus.
         Starting LXD - container startup/shutdown...
         Starting Pollinate to seed the pseudo random number generator...
         Starting Snappy daemon...
         Starting System Logging Service...
[[0;32m  OK  [0m] Started Deferred execution scheduler.
         Starting LSB: Record successful boot for GRUB...
         Starting Login Service...
         Starting LSB: MD monitoring daemon...
         Starting /etc/rc.local Compatibility...
[[0;32m  OK  [0m] Started Regular background program processing daemon.
         Starting Accounts Service...
[[0;32m  OK  [0m] Started Unattended Upgrades Shutdown.
[[0;32m  OK  [0m] Started FUSE filesystem for LXC.
[[0;32m  OK  [0m] Started iSCSI initiator daemon (iscsid).
[[0;32m  OK  [0m] Started /etc/rc.local Compatibility.
         Starting Login to default iSCSI targets...
[[0;32m  OK  [0m] Started Login Service.
[[0;32m  OK  [0m] Started System Logging Service.
[[0;32m  OK  [0m] Started Login to default iSCSI targets.
[[0;32m  OK  [0m] Reached target Remote File Systems (Pre).
[   50.950837] cloud-init[1035]: Generating locales (this might take a while)...
[[0;32m  OK  [0m] Reached target Remote File Systems.
         Starting LSB: VirtualBox Linux Additions...
         Starting LSB: daemon to balance interrupts for SMP systems...
         Starting LSB: automatic crash report generation...
         Starting Permit User Sessions...
         Starting LSB: Set the CPU Frequency Scaling governor to "ondemand"...
[[0;32m  OK  [0m] Started LSB: MD monitoring daemon.
[[0;32m  OK  [0m] Started LSB: Set the CPU Frequency Scaling governor to "ondemand".
[[0;32m  OK  [0m] Started Permit User Sessions.
         Starting Terminate Plymouth Boot Screen...
         Starting Hold until boot process finishes up...
[[0;32m  OK  [0m] Started LSB: automatic crash report generation.
[[0;32m  OK  [0m] Started LSB: Record successful boot for GRUB.
[[0;32m  OK  [0m] Started Terminate Plymouth Boot Screen.
[[0;32m  OK  [0m] Started Hold until boot process finishes up.
[[0;32m  OK  [0m] Started Getty on tty1.
[[0;32m  OK  [0m] Started Serial Getty on ttyS0.
[[0;32m  OK  [0m] Reached target Login Prompts.
         Starting Set console scheme...
[[0;32m  OK  [0m] Started Set console scheme.
[[0;32m  OK  [0m] Started LSB: daemon to balance interrupts for SMP systems.
[[0;32m  OK  [0m] Started LSB: VirtualBox Linux Additions.
         Starting Authenticate and Authorize Users to Run Privileged Tasks...
[[0;32m  OK  [0m] Started Authenticate and Authorize Users to Run Privileged Tasks.
[[0;32m  OK  [0m] Started Accounts Service.
[   53.478632] cloud-init[1035]:   en_US.UTF-8... done
[   53.496904] cloud-init[1035]: Generation complete.
[[0;32m  OK  [0m] Started Pollinate to seed the pseudo random number generator.
         Starting OpenBSD Secure Shell server...
[[0;32m  OK  [0m] Started OpenBSD Secure Shell server.
[[0;32m  OK  [0m] Started Snappy daemon.
[[0;32m  OK  [0m] Started LXD - container startup/shutdown.
[[0;32m  OK  [0m] Reached target Multi-User System.
[[0;32m  OK  [0m] Reached target Graphical Interface.
         Starting Update UTMP about System Runlevel Changes...
[[0;32m  OK  [0m] Started Update UTMP about System Runlevel Changes.
[[0;32m  OK  [0m] Created slice User Slice of vagrant.
[[0;32m  OK  [0m] Started Session 1 of user vagrant.
         Starting User Manager for UID 1000...
[[0;32m  OK  [0m] Started User Manager for UID 1000.
[   55.695734] cloud-init[1035]: Cloud-init v. 17.2 running 'modules:config' at Tue, 13 Mar 2018 14:29:23 +0000. Up 50.34 seconds.
[[0;32m  OK  [0m] Started Apply the settings specified in cloud-config.
         Starting Execute cloud user/final scripts...
ci-info: no authorized ssh keys fingerprints found for user ubuntu.
<14>Mar 13 14:29:29 ec2: 
<14>Mar 13 14:29:29 ec2: #############################################################
<14>Mar 13 14:29:29 ec2: -----BEGIN SSH HOST KEY FINGERPRINTS-----
<14>Mar 13 14:29:29 ec2: 1024 SHA256:Ins1t5Ykf7z3uYAwZfkidjtXrFG6J/M4SvFaN6iKqZU root@ubuntu-xenial (DSA)
<14>Mar 13 14:29:29 ec2: 256 SHA256:c18Lu+3GQFZgc3AO3npTMY1SLNPTFDZkwfuDLIQ+eIQ root@ubuntu-xenial (ECDSA)
<14>Mar 13 14:29:29 ec2: 256 SHA256:fcjAEDV+S8B6VcsyGMMP2LqMhx6yG3RM+D4bmT8bezI root@ubuntu-xenial (ED25519)
<14>Mar 13 14:29:29 ec2: 2048 SHA256:1wGptCGUrp2C8U8ls3/YJyoYGg7a4I7PDTs8z7ZY888 root@ubuntu-xenial (RSA)
<14>Mar 13 14:29:29 ec2: -----END SSH HOST KEY FINGERPRINTS-----
<14>Mar 13 14:29:29 ec2: #############################################################
-----BEGIN SSH HOST KEY KEYS-----
ecdsa-sha2-nistp256 AAAAE2VjZHNhLXNoYTItbmlzdHAyNTYAAAAIbmlzdHAyNTYAAABBBKdMzeu/pn3EYaDEK3D+F67fC9SLuwvyAVh22RJvuR6AgKMGQ6Kq3sDtDb/yx0XEUwdOZMCR0DDn/rePxuQtTTc= root@ubuntu-xenial
ssh-ed25519 AAAAC3NzaC1lZDI1NTE5AAAAICGSOymTBeOmNuJlPXnj7IXe8qVS1u8FgcUPRCY7S8Hj root@ubuntu-xenial
ssh-rsa AAAAB3NzaC1yc2EAAAADAQABAAABAQDfaWMnDAr74J1rgHu6V1PDqPCb4PTzD45s86gIyGvOZObv2tfwDh4Dpabj2eW7Hfxu5Z6evLpULFMxUsfa/PApV0lQWX1wPJix2ZN5wZS1yYCgNFHIf8E7x/iQ00X1Se7UGVUvYILi3L+A6SJGGteEASj8gn4q9ARI4jcLdNH6/KJQewF+GahmhIAMWM2Fqlv/RDgysRR8I6U7kWaRr89wvrz3PjRcoJXruZabWNxAFhTS0+trJX57kzxmPqlZbSa/Y7+VD0oFqVagZuXRKRGsZVT3T5hgJ2MGiV/qBsFTLXyEtMFlKVkKzw2P/yFg86kVeAWGw3Ln7R2RR/TfSL81 root@ubuntu-xenial
-----END SSH HOST KEY KEYS-----
[   56.391604] cloud-init[1348]: Cloud-init v. 17.2 running 'modules:final' at Tue, 13 Mar 2018 14:29:29 +0000. Up 56.12 seconds.
[   56.391875] cloud-init[1348]: ci-info: no authorized ssh keys fingerprints found for user ubuntu.
[   56.392043] cloud-init[1348]: Cloud-init v. 17.2 finished at Tue, 13 Mar 2018 14:29:29 +0000. Datasource DataSourceNoCloud [seed=/dev/sdb][dsmode=net].  Up 56.38 seconds

Ubuntu 16.04.4 LTS ubuntu-xenial ttyS0

ubuntu-xenial login:          Stopping Usea         Stopping Serial Getty on ttyS0...
         Stopping Getty on tty1...
         Stopping D-Bus System Message Bus...
         Stopping LSB: Set the CPU Frequency Scaling governor to "ondemand"...
         Stopping LSB: Record successful boot for GRUB...
         Stopping OpenBSD Secure Shell server...
         Stopping LSB: MD monitoring daemon...
         Stopping Deferred execution scheduler...
         Stopping FUSE filesystem for LXC...
         Stopping System Logging Service...
         Stopping Unattended Upgrades Shutdown...
         Stopping LSB: daemon to balance interrupts for SMP systems...
         Stopping LSB: VirtualBox Linux Additions...
         Stopping Snappy daemon...
         Stopping Regular background program processing daemon...
         Stopping LSB: automatic crash report generation...
[[0;32m  OK  [0m] Stopped Daily Cleanup of Temporary Directories.
[[0;32m  OK  [0m] Stopped target System Time Synchronized.
[[0;32m  OK  [0m] Unmounted /var/lib/lxcfs.
[[0;32m  OK  [0m] Stopped ACPI event daemon.
[[0;32m  OK  [0m] Stopped Snappy daemon.
[[0;32m  OK  [0m] Stopped System Logging Service.
[[0;32m  OK  [0m] Stopped Deferred execution scheduler.
[[0;32m  OK  [0m] Stopped Regular background program processing daemon.
[[0;32m  OK  [0m] Stopped Accounts Service.
[[0;32m  OK  [0m] Stopped Getty on tty1.
[[0;32m  OK  [0m] Stopped Serial Getty on ttyS0.
[[0;32m  OK  [0m] Stopped Authenticate and Authorize Users to Run Privileged Tasks.
[[0;32m  OK  [0m] Stopped OpenBSD Secure Shell server.
[[0;32m  OK  [0m] Stopped User Manager for UID 1000.
[[0;32m  OK  [0m] Stopped Session 3 of user vagrant.
[[0;32m  OK  [0m] Stopped D-Bus System Message Bus.
[[0;32m  OK  [0m] Stopped Unattended Upgrades Shutdown.
[[0;32m  OK  [0m] Stopped FUSE filesystem for LXC.
[[0;32m  OK  [0m] Stopped LSB: Set the CPU Frequency Scaling governor to "ondemand".
[[0;32m  OK  [0m] Stopped LSB: Record successful boot for GRUB.
[[0;32m  OK  [0m] Stopped LXD - container startup/shutdown.
[[0;32m  OK  [0m] Stopped LSB: MD monitoring daemon.
[[0;32m  OK  [0m] Stopped LSB: daemon to balance interrupts for SMP systems.
[[0;32m  OK  [0m] Stopped LSB: VirtualBox Linux Additions.
[[0;32m  OK  [0m] Stopped LSB: automatic crash report generation.
[[0;32m  OK  [0m] Removed slice User Slice of vagrant.
         Stopping Login Service...
[[0;32m  OK  [0m] Removed slice system-serial\x2dgetty.slice.
         Stopping Permit User Sessions...
[[0;32m  OK  [0m] Stopped /etc/rc.local Compatibility.
[[0;32m  OK  [0m] Removed slice system-getty.slice.
[[0;32m  OK  [0m] Stopped Login Service.
[[0;32m  OK  [0m] Stopped Permit User Sessions.
[[0;32m  OK  [0m] Stopped target Remote File Systems.
[[0;32m  OK  [0m] Stopped target Remote File Systems (Pre).
         Stopping Login to default iSCSI targets...
[[0;32m  OK  [0m] Stopped target User and Group Name Lookups.
[[0;32m  OK  [0m] Stopped target Basic System.
[[0;32m  OK  [0m] Stopped target Sockets.
[[0;32m  OK  [0m] Closed LXD - unix socket.
[[0;32m  OK  [0m] Closed Socket activation for snappy daemon.
[[0;32m  OK  [0m] Closed Syslog Socket.
[[0;32m  OK  [0m] Closed UUID daemon activation socket.
[[0;32m  OK  [0m] Closed ACPID Listen Socket.
[[0;32m  OK  [0m] Stopped target Paths.
[[0;32m  OK  [0m] Stopped ACPI Events Check.
[[0;32m  OK  [0m] Stopped Forward Password Requests to Wall Directory Watch.
[[0;32m  OK  [0m] Stopped Dispatch Password Requests to Console Directory Watch.
[[0;32m  OK  [0m] Stopped target Slices.
[[0;32m  OK  [0m] Removed slice User and Session Slice.
[[0;32m  OK  [0m] Closed D-Bus System Message Bus Socket.
[[0;32m  OK  [0m] Stopped target System Initialization.
         Stopping Update UTMP about System Boot/Shutdown...
         Stopping Load/Save Random Seed...
[[0;32m  OK  [0m] Stopped Commit a transient machine-id on disk.
[[0;32m  OK  [0m] Stopped target Swap.
[[0;32m  OK  [0m] Stopped target Encrypted Volumes.
[[0;32m  OK  [0m] Stopped Load/Save Random Seed.
[[0;32m  OK  [0m] Stopped Update UTMP about System Boot/Shutdown.
[[0;32m  OK  [0m] Stopped Login to default iSCSI targets.
         Stopping iSCSI initiator daemon (iscsid)...
[[0;32m  OK  [0m] Stopped Create Volatile Files and Directories.
[[0;32m  OK  [0m] Stopped iSCSI initiator daemon (iscsid).
[[0;32m  OK  [0m] Stopped target Network is Online.
[[0;32m  OK  [0m] Stopped target Network.
[[0;32m  OK  [0m] Stopped Initial cloud-init job (metadata service crawler).
         Stopping Raise network interfaces...
[[0;32m  OK  [0m] Stopped Raise network interfaces.
[[0;32m  OK  [0m] Stopped target Network (Pre).
[[0;32m  OK  [0m] Stopped Initial cloud-init job (pre-networking).
[[0;32m  OK  [0m] Stopped target Local File Systems.
         Unmounting /vagrant...
         Unmounting /run/user/1000...
[[0;32m  OK  [0m] Stopped Apply Kernel Variables.
[[0;32m  OK  [0m] Stopped Load Kernel Modules.
[[0;32m  OK  [0m] Unmounted /vagrant.
[[0;32m  OK  [0m] Unmounted /run/user/1000.
[[0;32m  OK  [0m] Reached target Unmount All Filesystems.
[[0;32m  OK  [0m] Stopped target Local File Systems (Pre).
[[0;32m  OK  [0m] Stopped Create Static Device Nodes in /dev.
         Stopping Monitoring of LVM2 mirrors... dmeventd or progress polling...
[[0;32m  OK  [0m] Stopped Remount Root and Kernel File Systems.
[[0;32m  OK  [0m] Reached target Shutdown.
[   93.922707] reboot: Power down